Flow report for dram_controller
Mon Jun 22 22:55:40 2026
Quartus Prime Version 17.1.0 Build 590 10/25/2017 SJ Lite Edition


---------------------
; Table of Contents ;
---------------------
  1. Legal Notice
  2. Flow Summary
  3. Flow Settings
  4. Flow Non-Default Global Settings
  5. Flow Elapsed Time
  6. Flow OS Summary
  7. Flow Log
  8. Flow Messages
  9. Flow Suppressed Messages



----------------
; Legal Notice ;
----------------
Copyright (C) 2017  Intel Corporation. All rights reserved.
Your use of Intel Corporation's design tools, logic functions 
and other software and tools, and its AMPP partner logic 
functions, and any output files from any of the foregoing 
(including device programming or simulation files), and any 
associated documentation or information are expressly subject 
to the terms and conditions of the Intel Program License 
Subscription Agreement, the Intel Quartus Prime License Agreement,
the Intel FPGA IP License Agreement, or other applicable license
agreement, including, without limitation, that your use is for
the sole purpose of programming logic devices manufactured by
Intel and sold by Intel or its authorized distributors.  Please
refer to the applicable agreement for further details.



+-------------------------------------------------------------------------------+
; Flow Summary                                                                  ;
+---------------------------------+---------------------------------------------+
; Flow Status                     ; Successful - Mon Jun 22 22:55:40 2026       ;
; Quartus Prime Version           ; 17.1.0 Build 590 10/25/2017 SJ Lite Edition ;
; Revision Name                   ; dram_controller                             ;
; Top-level Entity Name           ; dram_top_level                              ;
; Family                          ; Cyclone V                                   ;
; Device                          ; 5CSEMA5F31C6                                ;
; Timing Models                   ; Final                                       ;
; Logic utilization (in ALMs)     ; 172 / 32,070 ( < 1 % )                      ;
; Total registers                 ; 239                                         ;
; Total pins                      ; 106 / 457 ( 23 % )                          ;
; Total virtual pins              ; 0                                           ;
; Total block memory bits         ; 0 / 4,065,280 ( 0 % )                       ;
; Total DSP Blocks                ; 0 / 87 ( 0 % )                              ;
; Total HSSI RX PCSs              ; 0                                           ;
; Total HSSI PMA RX Deserializers ; 0                                           ;
; Total HSSI TX PCSs              ; 0                                           ;
; Total HSSI PMA TX Serializers   ; 0                                           ;
; Total PLLs                      ; 0 / 6 ( 0 % )                               ;
; Total DLLs                      ; 0 / 4 ( 0 % )                               ;
+---------------------------------+---------------------------------------------+


+-----------------------------------------+
; Flow Settings                           ;
+-------------------+---------------------+
; Option            ; Setting             ;
+-------------------+---------------------+
; Start date & time ; 06/22/2026 22:22:59 ;
; Main task         ; Compilation         ;
; Revision Name     ; dram_controller     ;
+-------------------+---------------------+


+-----------------------------------------------------------------------------------------------------------------------------------+
; Flow Non-Default Global Settings                                                                                                  ;
+--------------------------------------+----------------------------------------+-----------------+----------------+----------------+
; Assignment Name                      ; Value                                  ; Default Value   ; Entity Name    ; Section Id     ;
+--------------------------------------+----------------------------------------+-----------------+----------------+----------------+
; COMPILER_SIGNATURE_ID                ; 110073161993429.178217777937870        ; --              ; --             ; --             ;
; EDA_DESIGN_INSTANCE_NAME             ; NA                                     ; --              ; --             ; init_tb        ;
; EDA_NATIVELINK_SIMULATION_TEST_BENCH ; init_tb                                ; --              ; --             ; eda_simulation ;
; EDA_OUTPUT_DATA_FORMAT               ; Verilog Hdl                            ; --              ; --             ; eda_simulation ;
; EDA_SIMULATION_TOOL                  ; ModelSim-Altera (Verilog)              ; <None>          ; --             ; --             ;
; EDA_TEST_BENCH_ENABLE_STATUS         ; TEST_BENCH_MODE                        ; --              ; --             ; eda_simulation ;
; EDA_TEST_BENCH_FILE                  ; ../Modulos/init.v                      ; --              ; --             ; init_tb        ;
; EDA_TEST_BENCH_FILE                  ; ../TestBenchs/init_tb.v                ; --              ; --             ; init_tb        ;
; EDA_TEST_BENCH_MODULE_NAME           ; init_tb                                ; --              ; --             ; init_tb        ;
; EDA_TEST_BENCH_NAME                  ; init_tb                                ; --              ; --             ; eda_simulation ;
; EDA_TIME_SCALE                       ; 1 ps                                   ; --              ; --             ; eda_simulation ;
; MAX_CORE_JUNCTION_TEMP               ; 85                                     ; --              ; --             ; --             ;
; MIN_CORE_JUNCTION_TEMP               ; 0                                      ; --              ; --             ; --             ;
; PARTITION_COLOR                      ; -- (Not supported for targeted family) ; --              ; dram_top_level ; Top            ;
; PARTITION_FITTER_PRESERVATION_LEVEL  ; -- (Not supported for targeted family) ; --              ; dram_top_level ; Top            ;
; PARTITION_NETLIST_TYPE               ; -- (Not supported for targeted family) ; --              ; dram_top_level ; Top            ;
; POWER_BOARD_THERMAL_MODEL            ; None (CONSERVATIVE)                    ; --              ; --             ; --             ;
; POWER_PRESET_COOLING_SOLUTION        ; 23 MM HEAT SINK WITH 200 LFPM AIRFLOW  ; --              ; --             ; --             ;
; PROJECT_OUTPUT_DIRECTORY             ; output_files                           ; --              ; --             ; --             ;
; TOP_LEVEL_ENTITY                     ; dram_top_level                         ; dram_controller ; --             ; --             ;
+--------------------------------------+----------------------------------------+-----------------+----------------+----------------+


+--------------------------------------------------------------------------------------------------------------------------+
; Flow Elapsed Time                                                                                                        ;
+----------------------+--------------+-------------------------+---------------------+------------------------------------+
; Module Name          ; Elapsed Time ; Average Processors Used ; Peak Virtual Memory ; Total CPU Time (on all processors) ;
+----------------------+--------------+-------------------------+---------------------+------------------------------------+
; Analysis & Synthesis ; 00:00:08     ; 1.0                     ; 1233 MB             ; 00:00:17                           ;
; Fitter               ; 00:00:31     ; 1.0                     ; 2771 MB             ; 00:01:04                           ;
; Assembler            ; 00:00:06     ; 1.0                     ; 1181 MB             ; 00:00:05                           ;
; Assembler            ; 00:00:06     ; 1.0                     ; 1181 MB             ; 00:00:06                           ;
; Assembler            ; 00:00:06     ; 1.0                     ; 1184 MB             ; 00:00:06                           ;
; Assembler            ; 00:00:05     ; 1.0                     ; 1185 MB             ; 00:00:06                           ;
; Total                ; 00:01:02     ; --                      ; --                  ; 00:01:44                           ;
+----------------------+--------------+-------------------------+---------------------+------------------------------------+


+----------------------------------------------------------------------------------------------+
; Flow OS Summary                                                                              ;
+----------------------+--------------------------+-------------+-------------+----------------+
; Module Name          ; Machine Hostname         ; OS Name     ; OS Version  ; Processor type ;
+----------------------+--------------------------+-------------+-------------+----------------+
; Analysis & Synthesis ; morais.lab.ic.unicamp.br ; Fedora Core ; Fedora Core ; x86_64         ;
; Fitter               ; morais.lab.ic.unicamp.br ; Fedora Core ; Fedora Core ; x86_64         ;
; Assembler            ; morais.lab.ic.unicamp.br ; Fedora Core ; Fedora Core ; x86_64         ;
; Assembler            ; morais.lab.ic.unicamp.br ; Fedora Core ; Fedora Core ; x86_64         ;
; Assembler            ; morais.lab.ic.unicamp.br ; Fedora Core ; Fedora Core ; x86_64         ;
; Assembler            ; morais.lab.ic.unicamp.br ; Fedora Core ; Fedora Core ; x86_64         ;
+----------------------+--------------------------+-------------+-------------+----------------+


------------
; Flow Log ;
------------
quartus_map --read_settings_files=on --write_settings_files=off dram_controller -c dram_controller
quartus_fit --read_settings_files=off --write_settings_files=off dram_controller -c dram_controller
quartus_asm --read_settings_files=off --write_settings_files=off dram_controller -c dram_controller
quartus_asm --read_settings_files=on --write_settings_files=off dram_controller -c dram_controller
quartus_asm --read_settings_files=on --write_settings_files=off dram_controller -c dram_controller
quartus_asm --read_settings_files=on --write_settings_files=off dram_controller -c dram_controller



